// Vitest Snapshot v1, https://vitest.dev/guide/snapshot.html

exports[`ruby-snaptrade 1`] = `
"<div align=\\"center\\">

[![Visit SnapTrade](./header.png)](https://snaptrade.com)

# [SnapTrade](https://snaptrade.com)

Connect brokerage accounts to your app for live positions and trading

[![npm](https://img.shields.io/badge/gem-v2.0.4-blue)](https://rubygems.org/gems/snaptrade/versions/2.0.4)
[![More Info](https://img.shields.io/badge/More%20Info-Click%20Here-orange)](https://snaptrade.com/)

</div>

## Table of Contents

<!-- toc -->

## Installation

Add to Gemfile:

\`\`\`ruby
gem 'snaptrade', '~> 2.0.4'
\`\`\`

## Getting Started

\`\`\`ruby
require 'snaptrade'

SnapTrade.client_id = "YOUR_CLIENT_ID"
SnapTrade.consumer_key = "YOUR_CONSUMER_KEY"

user_id = "John.doe@snaptrade.com"
user_secret = "USERSECRET123"
brokerage_authorizations = "917c8734-8470-4a3e-a18f-57c3f2ee6631"

begin
  # List all accounts for the user, plus balances, positions, and orders for each account.
  result = SnapTrade::AccountInformation.get_all_user_holdings(
                                                                  user_id: user_id,
                                                                  user_secret: user_secret,
                                                                  brokerage_authorizations: brokerage_authorizations,
                                                                )
  p result
rescue SnapTrade::ApiError => e
  puts "Exception when calling SnapTrade::AccountInformation.get_all_user_holdings: #{e}"
end
\`\`\`

## Author
This TypeScript package is automatically generated by [Konfig](https://konfigthis.com)
"
`;
