// Vitest Snapshot v1, https://vitest.dev/guide/snapshot.html

exports[`swift-snaptrade 1`] = `
"<div align=\\"center\\">

[![Visit SnapTrade](./header.png)](https://snaptrade.com)

# [SnapTrade](https://snaptrade.com)<a id=\\"snaptrade\\"></a>

Connect brokerage accounts to your app for live positions and trading

[![CocoaPods](https://img.shields.io/badge/pod-v1.0.0-blue)](https://cocoapods.org/pods/SnapTrade)

</div>

## Table of Contents<a id=\\"table-of-contents\\"></a>

<!-- toc -->

- [Installation](#installation)
  * [CocoaPods](#cocoapods)
- [Getting Started](#getting-started)

<!-- tocstop -->

## Installation<a id=\\"installation\\"></a>

### CocoaPods<a id=\\"cocoapods\\"></a>

1. Add \`source 'https://github.com/CocoaPods/Specs.git'\` to your \`Podfile\`
2. Add \`pod 'SnapTrade', '~> 1.0.0'\` to your \`Podfile\`

Your \`Podfile\` should look like:
\`\`\`ruby
# Podfile
source 'https://github.com/CocoaPods/Specs.git'

target 'Example' do
  pod 'SnapTrade', '~> 1.0.0'
end
\`\`\`
3. Run \`pod install\`

\`\`\`shell
❯ pod install
Analyzing dependencies
Downloading dependencies
Installing SnapTrade 1.0.0
Generating Pods project
Integrating client project
Pod installation complete! There is 1 dependency from the Podfile and 2 total pods installed.
\`\`\`

## Getting Started<a id=\\"getting-started\\"></a>

\`\`\`swift
import SnapTrade


let apiKey = ProcessInfo.processInfo.environment[\\"API_KEY\\"]!
SnapTradeAPI.customHeaders = [
    \\"Signature\\": apiKey,
]




// Get API Status
ApiStatusAPI.check() { (response, error) in
    guard error == nil else {
        print(error!)
        return
    }

    if response != nil {
        dump(response)
    }
}

\`\`\`

## Author<a id=\\"author\\"></a>
This TypeScript package is automatically generated by [Konfig](https://konfigthis.com)
"
`;
